  Determining projects to restore...
C:\1 -Tahyour\8 - Projects\CRM\CRM - BE\CRM.API\CRM.API.csproj : warning NU1902: Package 'Microsoft.Identity.Web' 3.7.1 has a known moderate severity vulnerability, https://github.com/advisories/GHSA-rpq8-q44m-2rpg [C:\1 -Tahyour\8 - Projects\CRM\CRM - BE\CRM.sln]
  All projects are up-to-date for restore.
C:\1 -Tahyour\8 - Projects\CRM\CRM - BE\CRM.Base\Domain\Common\Error.cs(6,22): warning CS8632: The annotation for nullable reference types should only be used in code within a '#nullable' annotations context. [C:\1 -Tahyour\8 - Projects\CRM\CRM - BE\CRM.Base\CRM.Base.csproj]
C:\1 -Tahyour\8 - Projects\CRM\CRM - BE\CRM.Base\Domain\Common\Error.cs(7,22): warning CS8632: The annotation for nullable reference types should only be used in code within a '#nullable' annotations context. [C:\1 -Tahyour\8 - Projects\CRM\CRM - BE\CRM.Base\CRM.Base.csproj]
C:\1 -Tahyour\8 - Projects\CRM\CRM - BE\CRM.Base\Domain\Entities\AuditableEntity.cs(9,18): warning CS8632: The annotation for nullable reference types should only be used in code within a '#nullable' annotations context. [C:\1 -Tahyour\8 - Projects\CRM\CRM - BE\CRM.Base\CRM.Base.csproj]
C:\1 -Tahyour\8 - Projects\CRM\CRM - BE\CRM.Base\Domain\Entities\AuditableEntity.cs(13,18): warning CS8632: The annotation for nullable reference types should only be used in code within a '#nullable' annotations context. [C:\1 -Tahyour\8 - Projects\CRM\CRM - BE\CRM.Base\CRM.Base.csproj]
C:\1 -Tahyour\8 - Projects\CRM\CRM - BE\CRM.Base\Domain\Entities\AuditLog.cs(21,18): warning CS8632: The annotation for nullable reference types should only be used in code within a '#nullable' annotations context. [C:\1 -Tahyour\8 - Projects\CRM\CRM - BE\CRM.Base\CRM.Base.csproj]
C:\1 -Tahyour\8 - Projects\CRM\CRM - BE\CRM.Base\Domain\Entities\AuditLog.cs(22,18): warning CS8632: The annotation for nullable reference types should only be used in code within a '#nullable' annotations context. [C:\1 -Tahyour\8 - Projects\CRM\CRM - BE\CRM.Base\CRM.Base.csproj]
C:\1 -Tahyour\8 - Projects\CRM\CRM - BE\CRM.Base\Domain\Entities\AuditLog.cs(24,18): warning CS8632: The annotation for nullable reference types should only be used in code within a '#nullable' annotations context. [C:\1 -Tahyour\8 - Projects\CRM\CRM - BE\CRM.Base\CRM.Base.csproj]
C:\1 -Tahyour\8 - Projects\CRM\CRM - BE\CRM.Base\Presentation\Controllers\MongoBaseController.cs(16,27): warning CS8632: The annotation for nullable reference types should only be used in code within a '#nullable' annotations context. [C:\1 -Tahyour\8 - Projects\CRM\CRM - BE\CRM.Base\CRM.Base.csproj]
C:\1 -Tahyour\8 - Projects\CRM\CRM - BE\CRM.Base\Presentation\Controllers\MongoBaseController.cs(17,27): warning CS8632: The annotation for nullable reference types should only be used in code within a '#nullable' annotations context. [C:\1 -Tahyour\8 - Projects\CRM\CRM - BE\CRM.Base\CRM.Base.csproj]
C:\1 -Tahyour\8 - Projects\CRM\CRM - BE\CRM.Base\Presentation\Controllers\MongoBaseController.cs(20,27): warning CS8632: The annotation for nullable reference types should only be used in code within a '#nullable' annotations context. [C:\1 -Tahyour\8 - Projects\CRM\CRM - BE\CRM.Base\CRM.Base.csproj]
C:\1 -Tahyour\8 - Projects\CRM\CRM - BE\CRM.Base\Repositories\Implementations\MongoRepository.cs(72,51): warning CS8632: The annotation for nullable reference types should only be used in code within a '#nullable' annotations context. [C:\1 -Tahyour\8 - Projects\CRM\CRM - BE\CRM.Base\CRM.Base.csproj]
C:\1 -Tahyour\8 - Projects\CRM\CRM - BE\CRM.Base\Repositories\Implementations\MongoRepository.cs(72,74): warning CS8632: The annotation for nullable reference types should only be used in code within a '#nullable' annotations context. [C:\1 -Tahyour\8 - Projects\CRM\CRM - BE\CRM.Base\CRM.Base.csproj]
C:\1 -Tahyour\8 - Projects\CRM\CRM - BE\CRM.Base\Repositories\Implementations\MongoRepository.cs(151,24): warning CS8632: The annotation for nullable reference types should only be used in code within a '#nullable' annotations context. [C:\1 -Tahyour\8 - Projects\CRM\CRM - BE\CRM.Base\CRM.Base.csproj]
C:\1 -Tahyour\8 - Projects\CRM\CRM - BE\CRM.Base\Services\Implementation\MongoBaseService.cs(85,15): warning CS8632: The annotation for nullable reference types should only be used in code within a '#nullable' annotations context. [C:\1 -Tahyour\8 - Projects\CRM\CRM - BE\CRM.Base\CRM.Base.csproj]
C:\1 -Tahyour\8 - Projects\CRM\CRM - BE\CRM.Base\Services\Implementation\MongoBaseService.cs(86,15): warning CS8632: The annotation for nullable reference types should only be used in code within a '#nullable' annotations context. [C:\1 -Tahyour\8 - Projects\CRM\CRM - BE\CRM.Base\CRM.Base.csproj]
C:\1 -Tahyour\8 - Projects\CRM\CRM - BE\CRM.Base\Services\Implementation\MongoBaseService.cs(89,15): warning CS8632: The annotation for nullable reference types should only be used in code within a '#nullable' annotations context. [C:\1 -Tahyour\8 - Projects\CRM\CRM - BE\CRM.Base\CRM.Base.csproj]
C:\1 -Tahyour\8 - Projects\CRM\CRM - BE\CRM.Base\Repositories\Implementations\MongoRepository.cs(163,24): warning CS8632: The annotation for nullable reference types should only be used in code within a '#nullable' annotations context. [C:\1 -Tahyour\8 - Projects\CRM\CRM - BE\CRM.Base\CRM.Base.csproj]
C:\1 -Tahyour\8 - Projects\CRM\CRM - BE\CRM.Base\Services\Interface\IMongoBaseService.cs(7,56): warning CS8632: The annotation for nullable reference types should only be used in code within a '#nullable' annotations context. [C:\1 -Tahyour\8 - Projects\CRM\CRM - BE\CRM.Base\CRM.Base.csproj]
C:\1 -Tahyour\8 - Projects\CRM\CRM - BE\CRM.Base\Services\Interface\IMongoBaseService.cs(7,79): warning CS8632: The annotation for nullable reference types should only be used in code within a '#nullable' annotations context. [C:\1 -Tahyour\8 - Projects\CRM\CRM - BE\CRM.Base\CRM.Base.csproj]
C:\1 -Tahyour\8 - Projects\CRM\CRM - BE\CRM.Base\Services\Interface\IMongoBaseService.cs(7,135): warning CS8632: The annotation for nullable reference types should only be used in code within a '#nullable' annotations context. [C:\1 -Tahyour\8 - Projects\CRM\CRM - BE\CRM.Base\CRM.Base.csproj]
C:\1 -Tahyour\8 - Projects\CRM\CRM - BE\CRM.Base\Repositories\Interfaces\IMongoRepository.cs(10,38): warning CS8632: The annotation for nullable reference types should only be used in code within a '#nullable' annotations context. [C:\1 -Tahyour\8 - Projects\CRM\CRM - BE\CRM.Base\CRM.Base.csproj]
C:\1 -Tahyour\8 - Projects\CRM\CRM - BE\CRM.Base\Repositories\Interfaces\IMongoRepository.cs(10,61): warning CS8632: The annotation for nullable reference types should only be used in code within a '#nullable' annotations context. [C:\1 -Tahyour\8 - Projects\CRM\CRM - BE\CRM.Base\CRM.Base.csproj]
C:\1 -Tahyour\8 - Projects\CRM\CRM - BE\CRM.Base\Repositories\Interfaces\IMongoRepository.cs(12,11): warning CS8632: The annotation for nullable reference types should only be used in code within a '#nullable' annotations context. [C:\1 -Tahyour\8 - Projects\CRM\CRM - BE\CRM.Base\CRM.Base.csproj]
C:\1 -Tahyour\8 - Projects\CRM\CRM - BE\CRM.Base\Repositories\Interfaces\IMongoRepository.cs(14,11): warning CS8632: The annotation for nullable reference types should only be used in code within a '#nullable' annotations context. [C:\1 -Tahyour\8 - Projects\CRM\CRM - BE\CRM.Base\CRM.Base.csproj]
C:\1 -Tahyour\8 - Projects\CRM\CRM - BE\CRM.Base\Services\Implementation\MSSQLBaseService.cs(93,15): warning CS8632: The annotation for nullable reference types should only be used in code within a '#nullable' annotations context. [C:\1 -Tahyour\8 - Projects\CRM\CRM - BE\CRM.Base\CRM.Base.csproj]
C:\1 -Tahyour\8 - Projects\CRM\CRM - BE\CRM.Base\Services\Implementation\MSSQLBaseService.cs(94,15): warning CS8632: The annotation for nullable reference types should only be used in code within a '#nullable' annotations context. [C:\1 -Tahyour\8 - Projects\CRM\CRM - BE\CRM.Base\CRM.Base.csproj]
C:\1 -Tahyour\8 - Projects\CRM\CRM - BE\CRM.Base\Services\Implementation\MSSQLBaseService.cs(97,15): warning CS8632: The annotation for nullable reference types should only be used in code within a '#nullable' annotations context. [C:\1 -Tahyour\8 - Projects\CRM\CRM - BE\CRM.Base\CRM.Base.csproj]
C:\1 -Tahyour\8 - Projects\CRM\CRM - BE\CRM.Base\Services\Implementation\MSSQLBaseService.cs(98,15): warning CS8632: The annotation for nullable reference types should only be used in code within a '#nullable' annotations context. [C:\1 -Tahyour\8 - Projects\CRM\CRM - BE\CRM.Base\CRM.Base.csproj]
C:\1 -Tahyour\8 - Projects\CRM\CRM - BE\CRM.Base\Services\Interface\IMSSQLBaseService.cs(10,56): warning CS8632: The annotation for nullable reference types should only be used in code within a '#nullable' annotations context. [C:\1 -Tahyour\8 - Projects\CRM\CRM - BE\CRM.Base\CRM.Base.csproj]
C:\1 -Tahyour\8 - Projects\CRM\CRM - BE\CRM.Base\Services\Interface\IMSSQLBaseService.cs(10,79): warning CS8632: The annotation for nullable reference types should only be used in code within a '#nullable' annotations context. [C:\1 -Tahyour\8 - Projects\CRM\CRM - BE\CRM.Base\CRM.Base.csproj]
C:\1 -Tahyour\8 - Projects\CRM\CRM - BE\CRM.Base\Services\Interface\IMSSQLBaseService.cs(10,135): warning CS8632: The annotation for nullable reference types should only be used in code within a '#nullable' annotations context. [C:\1 -Tahyour\8 - Projects\CRM\CRM - BE\CRM.Base\CRM.Base.csproj]
C:\1 -Tahyour\8 - Projects\CRM\CRM - BE\CRM.Base\Services\Interface\IMSSQLBaseService.cs(10,158): warning CS8632: The annotation for nullable reference types should only be used in code within a '#nullable' annotations context. [C:\1 -Tahyour\8 - Projects\CRM\CRM - BE\CRM.Base\CRM.Base.csproj]
C:\1 -Tahyour\8 - Projects\CRM\CRM - BE\CRM.Base\Repositories\Implementations\MSSQLBaseRepository.cs(21,18): warning CS8632: The annotation for nullable reference types should only be used in code within a '#nullable' annotations context. [C:\1 -Tahyour\8 - Projects\CRM\CRM - BE\CRM.Base\CRM.Base.csproj]
C:\1 -Tahyour\8 - Projects\CRM\CRM - BE\CRM.Base\Repositories\Implementations\MSSQLBaseRepository.cs(22,18): warning CS8632: The annotation for nullable reference types should only be used in code within a '#nullable' annotations context. [C:\1 -Tahyour\8 - Projects\CRM\CRM - BE\CRM.Base\CRM.Base.csproj]
C:\1 -Tahyour\8 - Projects\CRM\CRM - BE\CRM.Base\Repositories\Implementations\MSSQLBaseRepository.cs(25,18): warning CS8632: The annotation for nullable reference types should only be used in code within a '#nullable' annotations context. [C:\1 -Tahyour\8 - Projects\CRM\CRM - BE\CRM.Base\CRM.Base.csproj]
C:\1 -Tahyour\8 - Projects\CRM\CRM - BE\CRM.Base\Repositories\Implementations\MSSQLBaseRepository.cs(38,15): warning CS8632: The annotation for nullable reference types should only be used in code within a '#nullable' annotations context. [C:\1 -Tahyour\8 - Projects\CRM\CRM - BE\CRM.Base\CRM.Base.csproj]
C:\1 -Tahyour\8 - Projects\CRM\CRM - BE\CRM.Base\Repositories\Implementations\MSSQLBaseRepository.cs(39,15): warning CS8632: The annotation for nullable reference types should only be used in code within a '#nullable' annotations context. [C:\1 -Tahyour\8 - Projects\CRM\CRM - BE\CRM.Base\CRM.Base.csproj]
C:\1 -Tahyour\8 - Projects\CRM\CRM - BE\CRM.Base\Repositories\Implementations\MSSQLBaseRepository.cs(42,15): warning CS8632: The annotation for nullable reference types should only be used in code within a '#nullable' annotations context. [C:\1 -Tahyour\8 - Projects\CRM\CRM - BE\CRM.Base\CRM.Base.csproj]
C:\1 -Tahyour\8 - Projects\CRM\CRM - BE\CRM.Base\Repositories\Implementations\MSSQLBaseRepository.cs(391,32): warning CS8632: The annotation for nullable reference types should only be used in code within a '#nullable' annotations context. [C:\1 -Tahyour\8 - Projects\CRM\CRM - BE\CRM.Base\CRM.Base.csproj]
C:\1 -Tahyour\8 - Projects\CRM\CRM - BE\CRM.Base\Repositories\Implementations\MSSQLBaseRepository.cs(228,32): warning CS8632: The annotation for nullable reference types should only be used in code within a '#nullable' annotations context. [C:\1 -Tahyour\8 - Projects\CRM\CRM - BE\CRM.Base\CRM.Base.csproj]
C:\1 -Tahyour\8 - Projects\CRM\CRM - BE\CRM.Base\Repositories\Implementations\MSSQLBaseRepository.cs(268,32): warning CS8632: The annotation for nullable reference types should only be used in code within a '#nullable' annotations context. [C:\1 -Tahyour\8 - Projects\CRM\CRM - BE\CRM.Base\CRM.Base.csproj]
C:\1 -Tahyour\8 - Projects\CRM\CRM - BE\CRM.Base\Repositories\Interfaces\IMSSQLRepository.cs(15,11): warning CS8632: The annotation for nullable reference types should only be used in code within a '#nullable' annotations context. [C:\1 -Tahyour\8 - Projects\CRM\CRM - BE\CRM.Base\CRM.Base.csproj]
C:\1 -Tahyour\8 - Projects\CRM\CRM - BE\CRM.Base\Repositories\Interfaces\IMSSQLRepository.cs(16,11): warning CS8632: The annotation for nullable reference types should only be used in code within a '#nullable' annotations context. [C:\1 -Tahyour\8 - Projects\CRM\CRM - BE\CRM.Base\CRM.Base.csproj]
C:\1 -Tahyour\8 - Projects\CRM\CRM - BE\CRM.Base\Repositories\Interfaces\IMSSQLRepository.cs(19,38): warning CS8632: The annotation for nullable reference types should only be used in code within a '#nullable' annotations context. [C:\1 -Tahyour\8 - Projects\CRM\CRM - BE\CRM.Base\CRM.Base.csproj]
C:\1 -Tahyour\8 - Projects\CRM\CRM - BE\CRM.Base\Repositories\Interfaces\IMSSQLRepository.cs(19,61): warning CS8632: The annotation for nullable reference types should only be used in code within a '#nullable' annotations context. [C:\1 -Tahyour\8 - Projects\CRM\CRM - BE\CRM.Base\CRM.Base.csproj]
C:\1 -Tahyour\8 - Projects\CRM\CRM - BE\CRM.Base\Repositories\Interfaces\IMSSQLRepository.cs(19,117): warning CS8632: The annotation for nullable reference types should only be used in code within a '#nullable' annotations context. [C:\1 -Tahyour\8 - Projects\CRM\CRM - BE\CRM.Base\CRM.Base.csproj]
C:\1 -Tahyour\8 - Projects\CRM\CRM - BE\CRM.Base\Repositories\Interfaces\IMSSQLRepository.cs(20,53): warning CS8632: The annotation for nullable reference types should only be used in code within a '#nullable' annotations context. [C:\1 -Tahyour\8 - Projects\CRM\CRM - BE\CRM.Base\CRM.Base.csproj]
C:\1 -Tahyour\8 - Projects\CRM\CRM - BE\CRM.Base\Repositories\Interfaces\IMSSQLRepository.cs(20,76): warning CS8632: The annotation for nullable reference types should only be used in code within a '#nullable' annotations context. [C:\1 -Tahyour\8 - Projects\CRM\CRM - BE\CRM.Base\CRM.Base.csproj]
C:\1 -Tahyour\8 - Projects\CRM\CRM - BE\CRM.Base\Repositories\Interfaces\IMSSQLRepository.cs(20,132): warning CS8632: The annotation for nullable reference types should only be used in code within a '#nullable' annotations context. [C:\1 -Tahyour\8 - Projects\CRM\CRM - BE\CRM.Base\CRM.Base.csproj]
C:\1 -Tahyour\8 - Projects\CRM\CRM - BE\CRM.Base\Presentation\Controllers\MSSQLBaseController.cs(12,21): warning CS8632: The annotation for nullable reference types should only be used in code within a '#nullable' annotations context. [C:\1 -Tahyour\8 - Projects\CRM\CRM - BE\CRM.Base\CRM.Base.csproj]
C:\1 -Tahyour\8 - Projects\CRM\CRM - BE\CRM.Base\Presentation\Controllers\MSSQLBaseController.cs(13,19): warning CS8632: The annotation for nullable reference types should only be used in code within a '#nullable' annotations context. [C:\1 -Tahyour\8 - Projects\CRM\CRM - BE\CRM.Base\CRM.Base.csproj]
C:\1 -Tahyour\8 - Projects\CRM\CRM - BE\CRM.Base\Presentation\Controllers\MSSQLBaseController.cs(22,32): warning CS8632: The annotation for nullable reference types should only be used in code within a '#nullable' annotations context. [C:\1 -Tahyour\8 - Projects\CRM\CRM - BE\CRM.Base\CRM.Base.csproj]
C:\1 -Tahyour\8 - Projects\CRM\CRM - BE\CRM.Base\Presentation\Controllers\MSSQLBaseController.cs(23,32): warning CS8632: The annotation for nullable reference types should only be used in code within a '#nullable' annotations context. [C:\1 -Tahyour\8 - Projects\CRM\CRM - BE\CRM.Base\CRM.Base.csproj]
C:\1 -Tahyour\8 - Projects\CRM\CRM - BE\CRM.Base\Presentation\Controllers\MSSQLBaseController.cs(26,32): warning CS8632: The annotation for nullable reference types should only be used in code within a '#nullable' annotations context. [C:\1 -Tahyour\8 - Projects\CRM\CRM - BE\CRM.Base\CRM.Base.csproj]
C:\1 -Tahyour\8 - Projects\CRM\CRM - BE\CRM.Base\Presentation\Controllers\MSSQLBaseController.cs(27,32): warning CS8632: The annotation for nullable reference types should only be used in code within a '#nullable' annotations context. [C:\1 -Tahyour\8 - Projects\CRM\CRM - BE\CRM.Base\CRM.Base.csproj]
C:\1 -Tahyour\8 - Projects\CRM\CRM - BE\CRM.Base\Repositories\Interfaces\IMSSQLRepository.cs(24,11): warning CS8632: The annotation for nullable reference types should only be used in code within a '#nullable' annotations context. [C:\1 -Tahyour\8 - Projects\CRM\CRM - BE\CRM.Base\CRM.Base.csproj]
C:\1 -Tahyour\8 - Projects\CRM\CRM - BE\CRM.Base\Domain\Utilities\ExpressionGenerator.cs(17,19): warning CS8632: The annotation for nullable reference types should only be used in code within a '#nullable' annotations context. [C:\1 -Tahyour\8 - Projects\CRM\CRM - BE\CRM.Base\CRM.Base.csproj]
C:\1 -Tahyour\8 - Projects\CRM\CRM - BE\CRM.Base\Domain\Utilities\ExpressionGenerator.cs(25,23): warning CS8632: The annotation for nullable reference types should only be used in code within a '#nullable' annotations context. [C:\1 -Tahyour\8 - Projects\CRM\CRM - BE\CRM.Base\CRM.Base.csproj]
C:\1 -Tahyour\8 - Projects\CRM\CRM - BE\CRM.Base\Domain\Utilities\ExpressionGenerator.cs(62,15): warning CS8632: The annotation for nullable reference types should only be used in code within a '#nullable' annotations context. [C:\1 -Tahyour\8 - Projects\CRM\CRM - BE\CRM.Base\CRM.Base.csproj]
C:\1 -Tahyour\8 - Projects\CRM\CRM - BE\CRM.Base\Repositories\Implementations\MongoRepository.cs(127,30): warning CS0168: The variable 'ex' is declared but never used [C:\1 -Tahyour\8 - Projects\CRM\CRM - BE\CRM.Base\CRM.Base.csproj]
C:\1 -Tahyour\8 - Projects\CRM\CRM - BE\CRM.Base\Repositories\Implementations\MSSQLBaseRepository.cs(281,37): warning CS1998: This async method lacks 'await' operators and will run synchronously. Consider using the 'await' operator to await non-blocking API calls, or 'await Task.Run(...)' to do CPU-bound work on a background thread. [C:\1 -Tahyour\8 - Projects\CRM\CRM - BE\CRM.Base\CRM.Base.csproj]
C:\1 -Tahyour\8 - Projects\CRM\CRM - BE\CRM.Base\Repositories\Implementations\MSSQLBaseRepository.cs(373,16): error CS0103: The name 'ids' does not exist in the current context [C:\1 -Tahyour\8 - Projects\CRM\CRM - BE\CRM.Base\CRM.Base.csproj]
C:\1 -Tahyour\8 - Projects\CRM\CRM - BE\CRM.API\CRM.API.csproj : warning NU1902: Package 'Microsoft.Identity.Web' 3.7.1 has a known moderate severity vulnerability, https://github.com/advisories/GHSA-rpq8-q44m-2rpg

Build FAILED.

C:\1 -Tahyour\8 - Projects\CRM\CRM - BE\CRM.API\CRM.API.csproj : warning NU1902: Package 'Microsoft.Identity.Web' 3.7.1 has a known moderate severity vulnerability, https://github.com/advisories/GHSA-rpq8-q44m-2rpg [C:\1 -Tahyour\8 - Projects\CRM\CRM - BE\CRM.sln]
C:\1 -Tahyour\8 - Projects\CRM\CRM - BE\CRM.Base\Domain\Common\Error.cs(6,22): warning CS8632: The annotation for nullable reference types should only be used in code within a '#nullable' annotations context. [C:\1 -Tahyour\8 - Projects\CRM\CRM - BE\CRM.Base\CRM.Base.csproj]
C:\1 -Tahyour\8 - Projects\CRM\CRM - BE\CRM.Base\Domain\Common\Error.cs(7,22): warning CS8632: The annotation for nullable reference types should only be used in code within a '#nullable' annotations context. [C:\1 -Tahyour\8 - Projects\CRM\CRM - BE\CRM.Base\CRM.Base.csproj]
C:\1 -Tahyour\8 - Projects\CRM\CRM - BE\CRM.Base\Domain\Entities\AuditableEntity.cs(9,18): warning CS8632: The annotation for nullable reference types should only be used in code within a '#nullable' annotations context. [C:\1 -Tahyour\8 - Projects\CRM\CRM - BE\CRM.Base\CRM.Base.csproj]
C:\1 -Tahyour\8 - Projects\CRM\CRM - BE\CRM.Base\Domain\Entities\AuditableEntity.cs(13,18): warning CS8632: The annotation for nullable reference types should only be used in code within a '#nullable' annotations context. [C:\1 -Tahyour\8 - Projects\CRM\CRM - BE\CRM.Base\CRM.Base.csproj]
C:\1 -Tahyour\8 - Projects\CRM\CRM - BE\CRM.Base\Domain\Entities\AuditLog.cs(21,18): warning CS8632: The annotation for nullable reference types should only be used in code within a '#nullable' annotations context. [C:\1 -Tahyour\8 - Projects\CRM\CRM - BE\CRM.Base\CRM.Base.csproj]
C:\1 -Tahyour\8 - Projects\CRM\CRM - BE\CRM.Base\Domain\Entities\AuditLog.cs(22,18): warning CS8632: The annotation for nullable reference types should only be used in code within a '#nullable' annotations context. [C:\1 -Tahyour\8 - Projects\CRM\CRM - BE\CRM.Base\CRM.Base.csproj]
C:\1 -Tahyour\8 - Projects\CRM\CRM - BE\CRM.Base\Domain\Entities\AuditLog.cs(24,18): warning CS8632: The annotation for nullable reference types should only be used in code within a '#nullable' annotations context. [C:\1 -Tahyour\8 - Projects\CRM\CRM - BE\CRM.Base\CRM.Base.csproj]
C:\1 -Tahyour\8 - Projects\CRM\CRM - BE\CRM.Base\Presentation\Controllers\MongoBaseController.cs(16,27): warning CS8632: The annotation for nullable reference types should only be used in code within a '#nullable' annotations context. [C:\1 -Tahyour\8 - Projects\CRM\CRM - BE\CRM.Base\CRM.Base.csproj]
C:\1 -Tahyour\8 - Projects\CRM\CRM - BE\CRM.Base\Presentation\Controllers\MongoBaseController.cs(17,27): warning CS8632: The annotation for nullable reference types should only be used in code within a '#nullable' annotations context. [C:\1 -Tahyour\8 - Projects\CRM\CRM - BE\CRM.Base\CRM.Base.csproj]
C:\1 -Tahyour\8 - Projects\CRM\CRM - BE\CRM.Base\Presentation\Controllers\MongoBaseController.cs(20,27): warning CS8632: The annotation for nullable reference types should only be used in code within a '#nullable' annotations context. [C:\1 -Tahyour\8 - Projects\CRM\CRM - BE\CRM.Base\CRM.Base.csproj]
C:\1 -Tahyour\8 - Projects\CRM\CRM - BE\CRM.Base\Repositories\Implementations\MongoRepository.cs(72,51): warning CS8632: The annotation for nullable reference types should only be used in code within a '#nullable' annotations context. [C:\1 -Tahyour\8 - Projects\CRM\CRM - BE\CRM.Base\CRM.Base.csproj]
C:\1 -Tahyour\8 - Projects\CRM\CRM - BE\CRM.Base\Repositories\Implementations\MongoRepository.cs(72,74): warning CS8632: The annotation for nullable reference types should only be used in code within a '#nullable' annotations context. [C:\1 -Tahyour\8 - Projects\CRM\CRM - BE\CRM.Base\CRM.Base.csproj]
C:\1 -Tahyour\8 - Projects\CRM\CRM - BE\CRM.Base\Repositories\Implementations\MongoRepository.cs(151,24): warning CS8632: The annotation for nullable reference types should only be used in code within a '#nullable' annotations context. [C:\1 -Tahyour\8 - Projects\CRM\CRM - BE\CRM.Base\CRM.Base.csproj]
C:\1 -Tahyour\8 - Projects\CRM\CRM - BE\CRM.Base\Services\Implementation\MongoBaseService.cs(85,15): warning CS8632: The annotation for nullable reference types should only be used in code within a '#nullable' annotations context. [C:\1 -Tahyour\8 - Projects\CRM\CRM - BE\CRM.Base\CRM.Base.csproj]
C:\1 -Tahyour\8 - Projects\CRM\CRM - BE\CRM.Base\Services\Implementation\MongoBaseService.cs(86,15): warning CS8632: The annotation for nullable reference types should only be used in code within a '#nullable' annotations context. [C:\1 -Tahyour\8 - Projects\CRM\CRM - BE\CRM.Base\CRM.Base.csproj]
C:\1 -Tahyour\8 - Projects\CRM\CRM - BE\CRM.Base\Services\Implementation\MongoBaseService.cs(89,15): warning CS8632: The annotation for nullable reference types should only be used in code within a '#nullable' annotations context. [C:\1 -Tahyour\8 - Projects\CRM\CRM - BE\CRM.Base\CRM.Base.csproj]
C:\1 -Tahyour\8 - Projects\CRM\CRM - BE\CRM.Base\Repositories\Implementations\MongoRepository.cs(163,24): warning CS8632: The annotation for nullable reference types should only be used in code within a '#nullable' annotations context. [C:\1 -Tahyour\8 - Projects\CRM\CRM - BE\CRM.Base\CRM.Base.csproj]
C:\1 -Tahyour\8 - Projects\CRM\CRM - BE\CRM.Base\Services\Interface\IMongoBaseService.cs(7,56): warning CS8632: The annotation for nullable reference types should only be used in code within a '#nullable' annotations context. [C:\1 -Tahyour\8 - Projects\CRM\CRM - BE\CRM.Base\CRM.Base.csproj]
C:\1 -Tahyour\8 - Projects\CRM\CRM - BE\CRM.Base\Services\Interface\IMongoBaseService.cs(7,79): warning CS8632: The annotation for nullable reference types should only be used in code within a '#nullable' annotations context. [C:\1 -Tahyour\8 - Projects\CRM\CRM - BE\CRM.Base\CRM.Base.csproj]
C:\1 -Tahyour\8 - Projects\CRM\CRM - BE\CRM.Base\Services\Interface\IMongoBaseService.cs(7,135): warning CS8632: The annotation for nullable reference types should only be used in code within a '#nullable' annotations context. [C:\1 -Tahyour\8 - Projects\CRM\CRM - BE\CRM.Base\CRM.Base.csproj]
C:\1 -Tahyour\8 - Projects\CRM\CRM - BE\CRM.Base\Repositories\Interfaces\IMongoRepository.cs(10,38): warning CS8632: The annotation for nullable reference types should only be used in code within a '#nullable' annotations context. [C:\1 -Tahyour\8 - Projects\CRM\CRM - BE\CRM.Base\CRM.Base.csproj]
C:\1 -Tahyour\8 - Projects\CRM\CRM - BE\CRM.Base\Repositories\Interfaces\IMongoRepository.cs(10,61): warning CS8632: The annotation for nullable reference types should only be used in code within a '#nullable' annotations context. [C:\1 -Tahyour\8 - Projects\CRM\CRM - BE\CRM.Base\CRM.Base.csproj]
C:\1 -Tahyour\8 - Projects\CRM\CRM - BE\CRM.Base\Repositories\Interfaces\IMongoRepository.cs(12,11): warning CS8632: The annotation for nullable reference types should only be used in code within a '#nullable' annotations context. [C:\1 -Tahyour\8 - Projects\CRM\CRM - BE\CRM.Base\CRM.Base.csproj]
C:\1 -Tahyour\8 - Projects\CRM\CRM - BE\CRM.Base\Repositories\Interfaces\IMongoRepository.cs(14,11): warning CS8632: The annotation for nullable reference types should only be used in code within a '#nullable' annotations context. [C:\1 -Tahyour\8 - Projects\CRM\CRM - BE\CRM.Base\CRM.Base.csproj]
C:\1 -Tahyour\8 - Projects\CRM\CRM - BE\CRM.Base\Services\Implementation\MSSQLBaseService.cs(93,15): warning CS8632: The annotation for nullable reference types should only be used in code within a '#nullable' annotations context. [C:\1 -Tahyour\8 - Projects\CRM\CRM - BE\CRM.Base\CRM.Base.csproj]
C:\1 -Tahyour\8 - Projects\CRM\CRM - BE\CRM.Base\Services\Implementation\MSSQLBaseService.cs(94,15): warning CS8632: The annotation for nullable reference types should only be used in code within a '#nullable' annotations context. [C:\1 -Tahyour\8 - Projects\CRM\CRM - BE\CRM.Base\CRM.Base.csproj]
C:\1 -Tahyour\8 - Projects\CRM\CRM - BE\CRM.Base\Services\Implementation\MSSQLBaseService.cs(97,15): warning CS8632: The annotation for nullable reference types should only be used in code within a '#nullable' annotations context. [C:\1 -Tahyour\8 - Projects\CRM\CRM - BE\CRM.Base\CRM.Base.csproj]
C:\1 -Tahyour\8 - Projects\CRM\CRM - BE\CRM.Base\Services\Implementation\MSSQLBaseService.cs(98,15): warning CS8632: The annotation for nullable reference types should only be used in code within a '#nullable' annotations context. [C:\1 -Tahyour\8 - Projects\CRM\CRM - BE\CRM.Base\CRM.Base.csproj]
C:\1 -Tahyour\8 - Projects\CRM\CRM - BE\CRM.Base\Services\Interface\IMSSQLBaseService.cs(10,56): warning CS8632: The annotation for nullable reference types should only be used in code within a '#nullable' annotations context. [C:\1 -Tahyour\8 - Projects\CRM\CRM - BE\CRM.Base\CRM.Base.csproj]
C:\1 -Tahyour\8 - Projects\CRM\CRM - BE\CRM.Base\Services\Interface\IMSSQLBaseService.cs(10,79): warning CS8632: The annotation for nullable reference types should only be used in code within a '#nullable' annotations context. [C:\1 -Tahyour\8 - Projects\CRM\CRM - BE\CRM.Base\CRM.Base.csproj]
C:\1 -Tahyour\8 - Projects\CRM\CRM - BE\CRM.Base\Services\Interface\IMSSQLBaseService.cs(10,135): warning CS8632: The annotation for nullable reference types should only be used in code within a '#nullable' annotations context. [C:\1 -Tahyour\8 - Projects\CRM\CRM - BE\CRM.Base\CRM.Base.csproj]
C:\1 -Tahyour\8 - Projects\CRM\CRM - BE\CRM.Base\Services\Interface\IMSSQLBaseService.cs(10,158): warning CS8632: The annotation for nullable reference types should only be used in code within a '#nullable' annotations context. [C:\1 -Tahyour\8 - Projects\CRM\CRM - BE\CRM.Base\CRM.Base.csproj]
C:\1 -Tahyour\8 - Projects\CRM\CRM - BE\CRM.Base\Repositories\Implementations\MSSQLBaseRepository.cs(21,18): warning CS8632: The annotation for nullable reference types should only be used in code within a '#nullable' annotations context. [C:\1 -Tahyour\8 - Projects\CRM\CRM - BE\CRM.Base\CRM.Base.csproj]
C:\1 -Tahyour\8 - Projects\CRM\CRM - BE\CRM.Base\Repositories\Implementations\MSSQLBaseRepository.cs(22,18): warning CS8632: The annotation for nullable reference types should only be used in code within a '#nullable' annotations context. [C:\1 -Tahyour\8 - Projects\CRM\CRM - BE\CRM.Base\CRM.Base.csproj]
C:\1 -Tahyour\8 - Projects\CRM\CRM - BE\CRM.Base\Repositories\Implementations\MSSQLBaseRepository.cs(25,18): warning CS8632: The annotation for nullable reference types should only be used in code within a '#nullable' annotations context. [C:\1 -Tahyour\8 - Projects\CRM\CRM - BE\CRM.Base\CRM.Base.csproj]
C:\1 -Tahyour\8 - Projects\CRM\CRM - BE\CRM.Base\Repositories\Implementations\MSSQLBaseRepository.cs(38,15): warning CS8632: The annotation for nullable reference types should only be used in code within a '#nullable' annotations context. [C:\1 -Tahyour\8 - Projects\CRM\CRM - BE\CRM.Base\CRM.Base.csproj]
C:\1 -Tahyour\8 - Projects\CRM\CRM - BE\CRM.Base\Repositories\Implementations\MSSQLBaseRepository.cs(39,15): warning CS8632: The annotation for nullable reference types should only be used in code within a '#nullable' annotations context. [C:\1 -Tahyour\8 - Projects\CRM\CRM - BE\CRM.Base\CRM.Base.csproj]
C:\1 -Tahyour\8 - Projects\CRM\CRM - BE\CRM.Base\Repositories\Implementations\MSSQLBaseRepository.cs(42,15): warning CS8632: The annotation for nullable reference types should only be used in code within a '#nullable' annotations context. [C:\1 -Tahyour\8 - Projects\CRM\CRM - BE\CRM.Base\CRM.Base.csproj]
C:\1 -Tahyour\8 - Projects\CRM\CRM - BE\CRM.Base\Repositories\Implementations\MSSQLBaseRepository.cs(391,32): warning CS8632: The annotation for nullable reference types should only be used in code within a '#nullable' annotations context. [C:\1 -Tahyour\8 - Projects\CRM\CRM - BE\CRM.Base\CRM.Base.csproj]
C:\1 -Tahyour\8 - Projects\CRM\CRM - BE\CRM.Base\Repositories\Implementations\MSSQLBaseRepository.cs(228,32): warning CS8632: The annotation for nullable reference types should only be used in code within a '#nullable' annotations context. [C:\1 -Tahyour\8 - Projects\CRM\CRM - BE\CRM.Base\CRM.Base.csproj]
C:\1 -Tahyour\8 - Projects\CRM\CRM - BE\CRM.Base\Repositories\Implementations\MSSQLBaseRepository.cs(268,32): warning CS8632: The annotation for nullable reference types should only be used in code within a '#nullable' annotations context. [C:\1 -Tahyour\8 - Projects\CRM\CRM - BE\CRM.Base\CRM.Base.csproj]
C:\1 -Tahyour\8 - Projects\CRM\CRM - BE\CRM.Base\Repositories\Interfaces\IMSSQLRepository.cs(15,11): warning CS8632: The annotation for nullable reference types should only be used in code within a '#nullable' annotations context. [C:\1 -Tahyour\8 - Projects\CRM\CRM - BE\CRM.Base\CRM.Base.csproj]
C:\1 -Tahyour\8 - Projects\CRM\CRM - BE\CRM.Base\Repositories\Interfaces\IMSSQLRepository.cs(16,11): warning CS8632: The annotation for nullable reference types should only be used in code within a '#nullable' annotations context. [C:\1 -Tahyour\8 - Projects\CRM\CRM - BE\CRM.Base\CRM.Base.csproj]
C:\1 -Tahyour\8 - Projects\CRM\CRM - BE\CRM.Base\Repositories\Interfaces\IMSSQLRepository.cs(19,38): warning CS8632: The annotation for nullable reference types should only be used in code within a '#nullable' annotations context. [C:\1 -Tahyour\8 - Projects\CRM\CRM - BE\CRM.Base\CRM.Base.csproj]
C:\1 -Tahyour\8 - Projects\CRM\CRM - BE\CRM.Base\Repositories\Interfaces\IMSSQLRepository.cs(19,61): warning CS8632: The annotation for nullable reference types should only be used in code within a '#nullable' annotations context. [C:\1 -Tahyour\8 - Projects\CRM\CRM - BE\CRM.Base\CRM.Base.csproj]
C:\1 -Tahyour\8 - Projects\CRM\CRM - BE\CRM.Base\Repositories\Interfaces\IMSSQLRepository.cs(19,117): warning CS8632: The annotation for nullable reference types should only be used in code within a '#nullable' annotations context. [C:\1 -Tahyour\8 - Projects\CRM\CRM - BE\CRM.Base\CRM.Base.csproj]
C:\1 -Tahyour\8 - Projects\CRM\CRM - BE\CRM.Base\Repositories\Interfaces\IMSSQLRepository.cs(20,53): warning CS8632: The annotation for nullable reference types should only be used in code within a '#nullable' annotations context. [C:\1 -Tahyour\8 - Projects\CRM\CRM - BE\CRM.Base\CRM.Base.csproj]
C:\1 -Tahyour\8 - Projects\CRM\CRM - BE\CRM.Base\Repositories\Interfaces\IMSSQLRepository.cs(20,76): warning CS8632: The annotation for nullable reference types should only be used in code within a '#nullable' annotations context. [C:\1 -Tahyour\8 - Projects\CRM\CRM - BE\CRM.Base\CRM.Base.csproj]
C:\1 -Tahyour\8 - Projects\CRM\CRM - BE\CRM.Base\Repositories\Interfaces\IMSSQLRepository.cs(20,132): warning CS8632: The annotation for nullable reference types should only be used in code within a '#nullable' annotations context. [C:\1 -Tahyour\8 - Projects\CRM\CRM - BE\CRM.Base\CRM.Base.csproj]
C:\1 -Tahyour\8 - Projects\CRM\CRM - BE\CRM.Base\Presentation\Controllers\MSSQLBaseController.cs(12,21): warning CS8632: The annotation for nullable reference types should only be used in code within a '#nullable' annotations context. [C:\1 -Tahyour\8 - Projects\CRM\CRM - BE\CRM.Base\CRM.Base.csproj]
C:\1 -Tahyour\8 - Projects\CRM\CRM - BE\CRM.Base\Presentation\Controllers\MSSQLBaseController.cs(13,19): warning CS8632: The annotation for nullable reference types should only be used in code within a '#nullable' annotations context. [C:\1 -Tahyour\8 - Projects\CRM\CRM - BE\CRM.Base\CRM.Base.csproj]
C:\1 -Tahyour\8 - Projects\CRM\CRM - BE\CRM.Base\Presentation\Controllers\MSSQLBaseController.cs(22,32): warning CS8632: The annotation for nullable reference types should only be used in code within a '#nullable' annotations context. [C:\1 -Tahyour\8 - Projects\CRM\CRM - BE\CRM.Base\CRM.Base.csproj]
C:\1 -Tahyour\8 - Projects\CRM\CRM - BE\CRM.Base\Presentation\Controllers\MSSQLBaseController.cs(23,32): warning CS8632: The annotation for nullable reference types should only be used in code within a '#nullable' annotations context. [C:\1 -Tahyour\8 - Projects\CRM\CRM - BE\CRM.Base\CRM.Base.csproj]
C:\1 -Tahyour\8 - Projects\CRM\CRM - BE\CRM.Base\Presentation\Controllers\MSSQLBaseController.cs(26,32): warning CS8632: The annotation for nullable reference types should only be used in code within a '#nullable' annotations context. [C:\1 -Tahyour\8 - Projects\CRM\CRM - BE\CRM.Base\CRM.Base.csproj]
C:\1 -Tahyour\8 - Projects\CRM\CRM - BE\CRM.Base\Presentation\Controllers\MSSQLBaseController.cs(27,32): warning CS8632: The annotation for nullable reference types should only be used in code within a '#nullable' annotations context. [C:\1 -Tahyour\8 - Projects\CRM\CRM - BE\CRM.Base\CRM.Base.csproj]
C:\1 -Tahyour\8 - Projects\CRM\CRM - BE\CRM.Base\Repositories\Interfaces\IMSSQLRepository.cs(24,11): warning CS8632: The annotation for nullable reference types should only be used in code within a '#nullable' annotations context. [C:\1 -Tahyour\8 - Projects\CRM\CRM - BE\CRM.Base\CRM.Base.csproj]
C:\1 -Tahyour\8 - Projects\CRM\CRM - BE\CRM.Base\Domain\Utilities\ExpressionGenerator.cs(17,19): warning CS8632: The annotation for nullable reference types should only be used in code within a '#nullable' annotations context. [C:\1 -Tahyour\8 - Projects\CRM\CRM - BE\CRM.Base\CRM.Base.csproj]
C:\1 -Tahyour\8 - Projects\CRM\CRM - BE\CRM.Base\Domain\Utilities\ExpressionGenerator.cs(25,23): warning CS8632: The annotation for nullable reference types should only be used in code within a '#nullable' annotations context. [C:\1 -Tahyour\8 - Projects\CRM\CRM - BE\CRM.Base\CRM.Base.csproj]
C:\1 -Tahyour\8 - Projects\CRM\CRM - BE\CRM.Base\Domain\Utilities\ExpressionGenerator.cs(62,15): warning CS8632: The annotation for nullable reference types should only be used in code within a '#nullable' annotations context. [C:\1 -Tahyour\8 - Projects\CRM\CRM - BE\CRM.Base\CRM.Base.csproj]
C:\1 -Tahyour\8 - Projects\CRM\CRM - BE\CRM.Base\Repositories\Implementations\MongoRepository.cs(127,30): warning CS0168: The variable 'ex' is declared but never used [C:\1 -Tahyour\8 - Projects\CRM\CRM - BE\CRM.Base\CRM.Base.csproj]
C:\1 -Tahyour\8 - Projects\CRM\CRM - BE\CRM.Base\Repositories\Implementations\MSSQLBaseRepository.cs(281,37): warning CS1998: This async method lacks 'await' operators and will run synchronously. Consider using the 'await' operator to await non-blocking API calls, or 'await Task.Run(...)' to do CPU-bound work on a background thread. [C:\1 -Tahyour\8 - Projects\CRM\CRM - BE\CRM.Base\CRM.Base.csproj]
C:\1 -Tahyour\8 - Projects\CRM\CRM - BE\CRM.API\CRM.API.csproj : warning NU1902: Package 'Microsoft.Identity.Web' 3.7.1 has a known moderate severity vulnerability, https://github.com/advisories/GHSA-rpq8-q44m-2rpg
C:\1 -Tahyour\8 - Projects\CRM\CRM - BE\CRM.Base\Repositories\Implementations\MSSQLBaseRepository.cs(373,16): error CS0103: The name 'ids' does not exist in the current context [C:\1 -Tahyour\8 - Projects\CRM\CRM - BE\CRM.Base\CRM.Base.csproj]
    63 Warning(s)
    1 Error(s)

Time Elapsed 00:00:03.26
